// Vitest Snapshot v1

exports[`CardContainer > mounts and is still the same 1`] = `"<div class=\\"card-container\\" data-v-5424779e=\\"\\"></div>"`;
